Last login: Sat Sep 29 23:22:28 on console
Andriis-MacBook-Pro:~ andriinazar$ git config --global user.name andrii.nazar
Andriis-MacBook-Pro:~ andriinazar$ git config --global user.email nazar.andrii@gmail.com
Andriis-MacBook-Pro:~ andriinazar$ git --global
unknown option: --global
usage: git [--version] [--help] [-C <path>] [-c <name>=<value>]
           [--exec-path[=<path>]] [--html-path] [--man-path] [--info-path]
           [-p | --paginate | --no-pager] [--no-replace-objects] [--bare]
           [--git-dir=<path>] [--work-tree=<path>] [--namespace=<name>]
           <command> [<args>]
Andriis-MacBook-Pro:~ andriinazar$ ls -la
total 48
drwxr-xr-x+ 18 andriinazar  staff   576 Sep 30 11:56 .
drwxr-xr-x   6 root         admin   192 Sep 29 23:18 ..
-r--------   1 andriinazar  staff     7 Sep 30 00:46 .CFUserTextEncoding
-rw-r--r--@  1 andriinazar  staff  8196 Sep 30 11:13 .DS_Store
drwx------   5 andriinazar  staff   160 Sep 30 11:12 .Trash
drwxr-xr-x   4 andriinazar  staff   128 Sep 30 00:44 .android
-rw-r--r--   1 andriinazar  staff   110 Sep 29 21:53 .bash_history
drwx------  12 andriinazar  staff   384 Sep 30 11:54 .bash_sessions
-rw-r--r--   1 andriinazar  staff    60 Sep 30 11:56 .gitconfig
drwx------+  3 andriinazar  staff    96 Sep 29 21:08 Desktop
drwx------+  4 andriinazar  staff   128 Sep 30 00:30 Documents
drwx------+ 12 andriinazar  staff   384 Sep 30 11:12 Downloads
drwx------@ 62 andriinazar  staff  1984 Sep 30 10:57 Library
drwx------+  3 andriinazar  staff    96 Sep 29 21:08 Movies
drwx------+  3 andriinazar  staff    96 Sep 29 21:08 Music
drwx------+  3 andriinazar  staff    96 Sep 29 21:08 Pictures
drwxr-xr-x+  5 andriinazar  staff   160 Sep 29 21:08 Public
drwxr-xr-x   4 andriinazar  staff   128 Sep 30 00:25 projects
Andriis-MacBook-Pro:~ andriinazar$ cd projects/
Andriis-MacBook-Pro:projects andriinazar$ cd iOS/
Andriis-MacBook-Pro:iOS andriinazar$ mkdir courses
Andriis-MacBook-Pro:iOS andriinazar$ ls -la
total 0
drwxr-xr-x  4 andriinazar  staff  128 Sep 30 12:03 .
drwxr-xr-x  4 andriinazar  staff  128 Sep 30 00:25 ..
drwxr-xr-x@ 4 andriinazar  staff  128 Sep 30 00:26 MyPlayground.playground
drwxr-xr-x  2 andriinazar  staff   64 Sep 30 12:03 courses
Andriis-MacBook-Pro:iOS andriinazar$ cd co
-bash: cd: co: No such file or directory
Andriis-MacBook-Pro:iOS andriinazar$ cd courses/
Andriis-MacBook-Pro:courses andriinazar$ mkdir
usage: mkdir [-pv] [-m mode] directory ...
Andriis-MacBook-Pro:courses andriinazar$ mkdir lesson1
Andriis-MacBook-Pro:courses andriinazar$ cd lesson1/
Andriis-MacBook-Pro:lesson1 andriinazar$ ls
Andriis-MacBook-Pro:lesson1 andriinazar$ ls -la
total 0
drwxr-xr-x  2 andriinazar  staff  64 Sep 30 12:03 .
drwxr-xr-x  3 andriinazar  staff  96 Sep 30 12:03 ..
Andriis-MacBook-Pro:lesson1 andriinazar$ pwd
/Users/andriinazar/projects/iOS/courses/lesson1
Andriis-MacBook-Pro:lesson1 andriinazar$ git init
Initialized empty Git repository in /Users/andriinazar/projects/iOS/courses/lesson1/.git/
Andriis-MacBook-Pro:lesson1 andriinazar$ cat README.md
cat: README.md: No such file or directory
Andriis-MacBook-Pro:lesson1 andriinazar$ cd ..
Andriis-MacBook-Pro:courses andriinazar$ pwd
/Users/andriinazar/projects/iOS/courses
Andriis-MacBook-Pro:courses andriinazar$ git init
Initialized empty Git repository in /Users/andriinazar/projects/iOS/courses/.git/
Andriis-MacBook-Pro:courses andriinazar$ echo "# iOS" >> README.md
Andriis-MacBook-Pro:courses andriinazar$ ls -la
total 8
drwxr-xr-x   5 andriinazar  staff  160 Sep 30 12:32 .
drwxr-xr-x   4 andriinazar  staff  128 Sep 30 12:03 ..
drwxr-xr-x  10 andriinazar  staff  320 Sep 30 12:30 .git
-rw-r--r--   1 andriinazar  staff    6 Sep 30 12:32 README.md
drwxr-xr-x   3 andriinazar  staff   96 Sep 30 12:28 lesson1
Andriis-MacBook-Pro:courses andriinazar$ git status
On branch master

No commits yet

Untracked files:
  (use "git add <file>..." to include in what will be committed)

	README.md

nothing added to commit but untracked files present (use "git add" to track)
Andriis-MacBook-Pro:courses andriinazar$ rm -r lesson1/
Andriis-MacBook-Pro:courses andriinazar$ mcdir lesson1
-bash: mcdir: command not found
Andriis-MacBook-Pro:courses andriinazar$ mkdir lesson1
Andriis-MacBook-Pro:courses andriinazar$ git status
On branch master

No commits yet

Untracked files:
  (use "git add <file>..." to include in what will be committed)

	README.md

nothing added to commit but untracked files present (use "git add" to track)
Andriis-MacBook-Pro:courses andriinazar$ ls -la
total 8
drwxr-xr-x   5 andriinazar  staff  160 Sep 30 12:33 .
drwxr-xr-x   4 andriinazar  staff  128 Sep 30 12:03 ..
drwxr-xr-x  10 andriinazar  staff  320 Sep 30 12:33 .git
-rw-r--r--   1 andriinazar  staff    6 Sep 30 12:32 README.md
drwxr-xr-x   2 andriinazar  staff   64 Sep 30 12:33 lesson1
Andriis-MacBook-Pro:courses andriinazar$ git add lesson1/
Andriis-MacBook-Pro:courses andriinazar$ git status
On branch master

No commits yet

Untracked files:
  (use "git add <file>..." to include in what will be committed)

	README.md

nothing added to commit but untracked files present (use "git add" to track)
Andriis-MacBook-Pro:courses andriinazar$ cd lesson1/
Andriis-MacBook-Pro:lesson1 andriinazar$ echo >> TetsLesson1
Andriis-MacBook-Pro:lesson1 andriinazar$ ls -la
total 8
drwxr-xr-x  3 andriinazar  staff   96 Sep 30 12:35 .
drwxr-xr-x  5 andriinazar  staff  160 Sep 30 12:33 ..
-rw-r--r--  1 andriinazar  staff    1 Sep 30 12:35 TetsLesson1
Andriis-MacBook-Pro:lesson1 andriinazar$ rm -r TetsLesson1 
Andriis-MacBook-Pro:lesson1 andriinazar$ echo >> TestLesson1.txt
Andriis-MacBook-Pro:lesson1 andriinazar$ cd ..
Andriis-MacBook-Pro:courses andriinazar$ git status
On branch master

No commits yet

Untracked files:
  (use "git add <file>..." to include in what will be committed)

	README.md
	lesson1/

nothing added to commit but untracked files present (use "git add" to track)
Andriis-MacBook-Pro:courses andriinazar$ git add *
Andriis-MacBook-Pro:courses andriinazar$ git status
On branch master

No commits yet

Changes to be committed:
  (use "git rm --cached <file>..." to unstage)

	new file:   README.md
	new file:   lesson1/TestLesson1.txt

Andriis-MacBook-Pro:courses andriinazar$ git commit -m ""first init commit"
> 
> git --version
> exit
> 
Andriis-MacBook-Pro:courses andriinazar$ git commit -m "first init commit"
[master (root-commit) 11e1dc2] first init commit
 2 files changed, 2 insertions(+)
 create mode 100644 README.md
 create mode 100644 lesson1/TestLesson1.txt
Andriis-MacBook-Pro:courses andriinazar$ git remote add origin https://github.com/andriinazar/iOS.git
Andriis-MacBook-Pro:courses andriinazar$ git push -u origin master
Username for 'https://github.com': andriinazar
Password for 'https://andriinazar@github.com': 
remote: Invalid username or password.
fatal: Authentication failed for 'https://github.com/andriinazar/iOS.git/'
Andriis-MacBook-Pro:courses andriinazar$ git --global user.name andriinazar
unknown option: --global
usage: git [--version] [--help] [-C <path>] [-c <name>=<value>]
           [--exec-path[=<path>]] [--html-path] [--man-path] [--info-path]
           [-p | --paginate | --no-pager] [--no-replace-objects] [--bare]
           [--git-dir=<path>] [--work-tree=<path>] [--namespace=<name>]
           <command> [<args>]
Andriis-MacBook-Pro:courses andriinazar$ git --global user.name git status
unknown option: --global
usage: git [--version] [--help] [-C <path>] [-c <name>=<value>]
           [--exec-path[=<path>]] [--html-path] [--man-path] [--info-path]
           [-p | --paginate | --no-pager] [--no-replace-objects] [--bare]
           [--git-dir=<path>] [--work-tree=<path>] [--namespace=<name>]
           <command> [<args>]
Andriis-MacBook-Pro:courses andriinazar$ git status
On branch master
nothing to commit, working tree clean
Andriis-MacBook-Pro:courses andriinazar$ git push -u origin master
Username for 'https://github.com': andrii.nazar
Password for 'https://andrii.nazar@github.com': 
remote: Invalid username or password.
fatal: Authentication failed for 'https://github.com/andriinazar/iOS.git/'
Andriis-MacBook-Pro:courses andriinazar$ git push -u origin master
Username for 'https://github.com': andriinazar
Password for 'https://andriinazar@github.com': 
Counting objects: 5, done.
Delta compression using up to 4 threads.
Compressing objects: 100% (2/2), done.
Writing objects: 100% (5/5), 314 bytes | 314.00 KiB/s, done.
Total 5 (delta 0), reused 0 (delta 0)
remote: 
remote: Create a pull request for 'master' on GitHub by visiting:
remote:      https://github.com/andriinazar/iOS/pull/new/master
remote: 
To https://github.com/andriinazar/iOS.git
 * [new branch]      master -> master
Branch 'master' set up to track remote branch 'master' from 'origin'.
Andriis-MacBook-Pro:courses andriinazar$ git remote -v
origin	https://github.com/andriinazar/iOS.git (fetch)
origin	https://github.com/andriinazar/iOS.git (push)
Andriis-MacBook-Pro:courses andriinazar$ git config --global --list
user.name=andrii.nazar
user.email=nazar.andrii@gmail.com
Andriis-MacBook-Pro:courses andriinazar$ git --global user.name "andriinazar"
unknown option: --global
usage: git [--version] [--help] [-C <path>] [-c <name>=<value>]
           [--exec-path[=<path>]] [--html-path] [--man-path] [--info-path]
           [-p | --paginate | --no-pager] [--no-replace-objects] [--bare]
           [--git-dir=<path>] [--work-tree=<path>] [--namespace=<name>]
           <command> [<args>]
Andriis-MacBook-Pro:courses andriinazar$ git config --global user.name "andriinazar"
Andriis-MacBook-Pro:courses andriinazar$ git config --global --list
user.name=andriinazar
user.email=nazar.andrii@gmail.com
Andriis-MacBook-Pro:courses andriinazar$ ssh-keygen -t rsa -b 4096 -C "nazar.andrii@gmail.com"
Generating public/private rsa key pair.
Enter file in which to save the key (/Users/andriinazar/.ssh/id_rsa): 
Created directory '/Users/andriinazar/.ssh'.
Enter passphrase (empty for no passphrase): 
Enter same passphrase again: 
Your identification has been saved in /Users/andriinazar/.ssh/id_rsa.
Your public key has been saved in /Users/andriinazar/.ssh/id_rsa.pub.
The key fingerprint is:
SHA256:d2h/ukNnNG7PjJN5iAMic7xaijp3o6SgZ9aILIPvksg nazar.andrii@gmail.com
The key's randomart image is:
+---[RSA 4096]----+
|                 |
|                 |
|                 |
|           .  o  |
|       .S + .o . |
|      o +o.o. =  |
|*o o.  +.o o.=.O |
|XE*oo.oo.   +o* =|
|oO=+oooo    o+ o |
+----[SHA256]-----+
Andriis-MacBook-Pro:courses andriinazar$ ssh-keygen -t rsa -b 4096 -C "nazar.andrii@gmail.com"
Generating public/private rsa key pair.
Enter file in which to save the key (/Users/andriinazar/.ssh/id_rsa): 
/Users/andriinazar/.ssh/id_rsa already exists.
Overwrite (y/n)? y
Enter passphrase (empty for no passphrase): 
Enter same passphrase again: 
Your identification has been saved in /Users/andriinazar/.ssh/id_rsa.
Your public key has been saved in /Users/andriinazar/.ssh/id_rsa.pub.
The key fingerprint is:
SHA256:1YdiY/+6qHthLYAP6YCxqsxn5P2od+shVqjU17HIa4I nazar.andrii@gmail.com
The key's randomart image is:
+---[RSA 4096]----+
|                 |
|  .        . .   |
|   +   o .* o .  |
|  o o * ++o+ .   |
| . . = BS+ ..    |
|. ..o + o + ..   |
|+ oE.+ + . o  .  |
|.o +.o=.. .. .   |
|  o.o.++++. o.   |
+----[SHA256]-----+
Andriis-MacBook-Pro:courses andriinazar$ eval "$(ssh-agent -s)"
Agent pid 2571
Andriis-MacBook-Pro:courses andriinazar$ ssh-add -K ~/.ssh/id_rsa
Enter passphrase for /Users/andriinazar/.ssh/id_rsa: 
Bad passphrase, try again for /Users/andriinazar/.ssh/id_rsa: 
Identity added: /Users/andriinazar/.ssh/id_rsa (/Users/andriinazar/.ssh/id_rsa)
Andriis-MacBook-Pro:courses andriinazar$ pbcopy < ~/.ssh/id_rsa.pub
Andriis-MacBook-Pro:courses andriinazar$ pwd
/Users/andriinazar/projects/iOS/courses
Andriis-MacBook-Pro:courses andriinazar$ ls -la
total 8
drwxr-xr-x   5 andriinazar  staff  160 Sep 30 12:33 .
drwxr-xr-x   4 andriinazar  staff  128 Sep 30 12:03 ..
drwxr-xr-x  13 andriinazar  staff  416 Sep 30 12:42 .git
-rw-r--r--   1 andriinazar  staff    6 Sep 30 12:32 README.md
drwxr-xr-x   3 andriinazar  staff   96 Sep 30 12:35 lesson1
Andriis-MacBook-Pro:courses andriinazar$ cd lesson1/
Andriis-MacBook-Pro:lesson1 andriinazar$ ls -la
total 8
drwxr-xr-x  3 andriinazar  staff   96 Sep 30 12:35 .
drwxr-xr-x  5 andriinazar  staff  160 Sep 30 12:33 ..
-rw-r--r--  1 andriinazar  staff    1 Sep 30 12:35 TestLesson1.txt
Andriis-MacBook-Pro:lesson1 andriinazar$ cat TestLesson1.txt 

Andriis-MacBook-Pro:lesson1 andriinazar$ pwd
/Users/andriinazar/projects/iOS/courses/lesson1
Andriis-MacBook-Pro:lesson1 andriinazar$ git status
On branch master
Your branch is up to date with 'origin/master'.

Changes not staged for commit:
  (use "git add <file>..." to update what will be committed)
  (use "git checkout -- <file>..." to discard changes in working directory)

	modified:   TestLesson1.txt

Untracked files:
  (use "git add <file>..." to include in what will be committed)

	../.DS_Store

no changes added to commit (use "git add" and/or "git commit -a")
Andriis-MacBook-Pro:lesson1 andriinazar$ git add TestLesson1.txt 
Andriis-MacBook-Pro:lesson1 andriinazar$ git commit -m "test ssh key"
[master 789d9e4] test ssh key
 1 file changed, 1 insertion(+)
Andriis-MacBook-Pro:lesson1 andriinazar$ git push -u origin master
Counting objects: 4, done.
Delta compression using up to 4 threads.
Compressing objects: 100% (2/2), done.
Writing objects: 100% (4/4), 343 bytes | 343.00 KiB/s, done.
Total 4 (delta 0), reused 0 (delta 0)
To https://github.com/andriinazar/iOS.git
   11e1dc2..789d9e4  master -> master
Branch 'master' set up to track remote branch 'master' from 'origin'.
Andriis-MacBook-Pro:lesson1 andriinazar$ pwd
/Users/andriinazar/projects/iOS/courses/lesson1
Andriis-MacBook-Pro:lesson1 andriinazar$ cd ..
Andriis-MacBook-Pro:courses andriinazar$ pwd
/Users/andriinazar/projects/iOS/courses
Andriis-MacBook-Pro:courses andriinazar$ touch .gitignore
Andriis-MacBook-Pro:courses andriinazar$ pwd
/Users/andriinazar/projects/iOS/courses
Andriis-MacBook-Pro:courses andriinazar$ ls -ls
total 8
8 -rw-r--r--  1 andriinazar  staff   6 Sep 30 12:32 README.md
0 drwxr-xr-x  3 andriinazar  staff  96 Sep 30 12:55 lesson1
Andriis-MacBook-Pro:courses andriinazar$ vim .gitignore
Andriis-MacBook-Pro:courses andriinazar$ git status
On branch master
Your branch is up to date with 'origin/master'.

Untracked files:
  (use "git add <file>..." to include in what will be committed)

	.DS_Store
	.gitignore

nothing added to commit but untracked files present (use "git add" to track)
Andriis-MacBook-Pro:courses andriinazar$ git add .gitignore 
Andriis-MacBook-Pro:courses andriinazar$ git status
On branch master
Your branch is up to date with 'origin/master'.

Changes to be committed:
  (use "git reset HEAD <file>..." to unstage)

	new file:   .gitignore

Untracked files:
  (use "git add <file>..." to include in what will be committed)

	.DS_Store

Andriis-MacBook-Pro:courses andriinazar$ git commit -m "setup gitignore"
[master 11995e9] setup gitignore
 1 file changed, 164 insertions(+)
 create mode 100644 .gitignore
Andriis-MacBook-Pro:courses andriinazar$ git push -u origin master
Counting objects: 3, done.
Delta compression using up to 4 threads.
Compressing objects: 100% (3/3), done.
Writing objects: 100% (3/3), 1.31 KiB | 1.31 MiB/s, done.
Total 3 (delta 0), reused 0 (delta 0)
To https://github.com/andriinazar/iOS.git
   789d9e4..11995e9  master -> master
Branch 'master' set up to track remote branch 'master' from 'origin'.
Andriis-MacBook-Pro:courses andriinazar$ pwd
/Users/andriinazar/projects/iOS/courses
Andriis-MacBook-Pro:courses andriinazar$ git checkout -b 02
Switched to a new branch '02'
Andriis-MacBook-Pro:courses andriinazar$ git tag
Andriis-MacBook-Pro:courses andriinazar$ git tag «intro to version
fatal: too many params
Andriis-MacBook-Pro:courses andriinazar$ git tag intro to version control system
fatal: too many params
Andriis-MacBook-Pro:courses andriinazar$ git tag "intro to version control system"
fatal: 'intro to version control system' is not a valid tag name.
Andriis-MacBook-Pro:courses andriinazar$ git tag "intro_to_version_control_system"
Andriis-MacBook-Pro:courses andriinazar$ git tag
intro_to_version_control_system
Andriis-MacBook-Pro:courses andriinazar$ git status
On branch 02
Untracked files:
  (use "git add <file>..." to include in what will be committed)

	.DS_Store
	test1.pdf
	test2.pdf
	test3.pdf

nothing added to commit but untracked files present (use "git add" to track)
Andriis-MacBook-Pro:courses andriinazar$ git add test1
fatal: pathspec 'test1' did not match any files
Andriis-MacBook-Pro:courses andriinazar$ git add test1.pdf 
Andriis-MacBook-Pro:courses andriinazar$ git commit -m ""first file"
> 
Andriis-MacBook-Pro:courses andriinazar$ git commit -m "first file"
[02 f58ce01] first file
 1 file changed, 0 insertions(+), 0 deletions(-)
 create mode 100644 test1.pdf
Andriis-MacBook-Pro:courses andriinazar$ git add test2.pdf 
Andriis-MacBook-Pro:courses andriinazar$ git commit -m "second file"
[02 b227a90] second file
 1 file changed, 0 insertions(+), 0 deletions(-)
 create mode 100644 test2.pdf
Andriis-MacBook-Pro:courses andriinazar$ git status
On branch 02
Untracked files:
  (use "git add <file>..." to include in what will be committed)

	.DS_Store
	test3.pdf

nothing added to commit but untracked files present (use "git add" to track)
Andriis-MacBook-Pro:courses andriinazar$ git add test3.pdf 
Andriis-MacBook-Pro:courses andriinazar$ git commit -m "third file"
[02 e775e5e] third file
 1 file changed, 0 insertions(+), 0 deletions(-)
 create mode 100644 test3.pdf
Andriis-MacBook-Pro:courses andriinazar$ git status
On branch 02
Untracked files:
  (use "git add <file>..." to include in what will be committed)

	.DS_Store

nothing added to commit but untracked files present (use "git add" to track)
Andriis-MacBook-Pro:courses andriinazar$ git push -u origin master
Branch 'master' set up to track remote branch 'master' from 'origin'.
Everything up-to-date
Andriis-MacBook-Pro:courses andriinazar$ git push --tags -u origin master
Total 0 (delta 0), reused 0 (delta 0)
To https://github.com/andriinazar/iOS.git
 * [new tag]         intro_to_version_control_system -> intro_to_version_control_system
Branch 'master' set up to track remote branch 'master' from 'origin'.
Andriis-MacBook-Pro:courses andriinazar$ git push -u origin 02
Counting objects: 7, done.
Delta compression using up to 4 threads.
Compressing objects: 100% (7/7), done.
Writing objects: 100% (7/7), 104.35 KiB | 17.39 MiB/s, done.
Total 7 (delta 2), reused 0 (delta 0)
remote: Resolving deltas: 100% (2/2), done.
remote: 
remote: Create a pull request for '02' on GitHub by visiting:
remote:      https://github.com/andriinazar/iOS/pull/new/02
remote: 
To https://github.com/andriinazar/iOS.git
 * [new branch]      02 -> 02
Branch '02' set up to track remote branch '02' from 'origin'.
Andriis-MacBook-Pro:courses andriinazar$ pwd
/Users/andriinazar/projects/iOS/courses
Andriis-MacBook-Pro:courses andriinazar$ mkdir
usage: mkdir [-pv] [-m mode] directory ...
Andriis-MacBook-Pro:courses andriinazar$ wv lesson1 lesson2
-bash: wv: command not found
Andriis-MacBook-Pro:courses andriinazar$ mv lesson1 lesson2
Andriis-MacBook-Pro:courses andriinazar$ ls -la
total 752
drwxr-xr-x  10 andriinazar  staff     320 Sep 30 13:58 .
drwxr-xr-x   5 andriinazar  staff     160 Sep 30 13:38 ..
-rw-r--r--@  1 andriinazar  staff    6148 Sep 30 13:39 .DS_Store
drwxr-xr-x  13 andriinazar  staff     416 Sep 30 13:53 .git
-rw-r--r--   1 andriinazar  staff    3380 Sep 30 13:18 .gitignore
-rw-r--r--   1 andriinazar  staff       6 Sep 30 12:32 README.md
drwxr-xr-x   3 andriinazar  staff      96 Sep 30 12:55 lesson2
-rw-r--r--@  1 andriinazar  staff  119446 Sep 30 13:38 test1.pdf
-rw-r--r--@  1 andriinazar  staff  119446 Sep 30 13:38 test2.pdf
-rw-r--r--@  1 andriinazar  staff  119446 Sep 30 13:38 test3.pdf
Andriis-MacBook-Pro:courses andriinazar$ mkdir lesson2
mkdir: lesson2: File exists
Andriis-MacBook-Pro:courses andriinazar$ mkdir lesson1
Andriis-MacBook-Pro:courses andriinazar$ cp test1 lesson2
cp: test1: No such file or directory
Andriis-MacBook-Pro:courses andriinazar$ cp test1.pdf lesson2
Andriis-MacBook-Pro:courses andriinazar$ cp test2.pdf lesson2
Andriis-MacBook-Pro:courses andriinazar$ cp test3.pdf lesson2
Andriis-MacBook-Pro:courses andriinazar$ ls -la
total 752
drwxr-xr-x  11 andriinazar  staff     352 Sep 30 13:58 .
drwxr-xr-x   5 andriinazar  staff     160 Sep 30 13:38 ..
-rw-r--r--@  1 andriinazar  staff    6148 Sep 30 13:39 .DS_Store
drwxr-xr-x  13 andriinazar  staff     416 Sep 30 13:53 .git
-rw-r--r--   1 andriinazar  staff    3380 Sep 30 13:18 .gitignore
-rw-r--r--   1 andriinazar  staff       6 Sep 30 12:32 README.md
drwxr-xr-x   2 andriinazar  staff      64 Sep 30 13:58 lesson1
drwxr-xr-x   6 andriinazar  staff     192 Sep 30 14:01 lesson2
-rw-r--r--@  1 andriinazar  staff  119446 Sep 30 13:38 test1.pdf
-rw-r--r--@  1 andriinazar  staff  119446 Sep 30 13:38 test2.pdf
-rw-r--r--@  1 andriinazar  staff  119446 Sep 30 13:38 test3.pdf
Andriis-MacBook-Pro:courses andriinazar$ rm -r *.pdf 
Andriis-MacBook-Pro:courses andriinazar$ ls -la
total 32
drwxr-xr-x   8 andriinazar  staff   256 Sep 30 14:01 .
drwxr-xr-x   5 andriinazar  staff   160 Sep 30 13:38 ..
-rw-r--r--@  1 andriinazar  staff  6148 Sep 30 13:39 .DS_Store
drwxr-xr-x  13 andriinazar  staff   416 Sep 30 13:53 .git
-rw-r--r--   1 andriinazar  staff  3380 Sep 30 13:18 .gitignore
-rw-r--r--   1 andriinazar  staff     6 Sep 30 12:32 README.md
drwxr-xr-x   2 andriinazar  staff    64 Sep 30 13:58 lesson1
drwxr-xr-x   6 andriinazar  staff   192 Sep 30 14:01 lesson2
Andriis-MacBook-Pro:courses andriinazar$ cp ls -la
cp: ls: No such file or directory
Andriis-MacBook-Pro:courses andriinazar$ ls -la
total 32
drwxr-xr-x   8 andriinazar  staff   256 Sep 30 14:02 .
drwxr-xr-x   5 andriinazar  staff   160 Sep 30 13:38 ..
-rw-r--r--@  1 andriinazar  staff  6148 Sep 30 14:02 .DS_Store
drwxr-xr-x  13 andriinazar  staff   416 Sep 30 13:53 .git
-rw-r--r--   1 andriinazar  staff  3380 Sep 30 13:18 .gitignore
drwxr-xr-x@  4 andriinazar  staff   128 Sep 30 13:55 01
-rw-r--r--   1 andriinazar  staff     6 Sep 30 12:32 README.md
drwxr-xr-x   6 andriinazar  staff   192 Sep 30 14:01 lesson2
Andriis-MacBook-Pro:courses andriinazar$ rename lesson2 02
-bash: rename: command not found
Andriis-MacBook-Pro:courses andriinazar$ wv lesson2 02
-bash: wv: command not found
Andriis-MacBook-Pro:courses andriinazar$ mv lesson2 02
Andriis-MacBook-Pro:courses andriinazar$ ls -la
total 32
drwxr-xr-x   8 andriinazar  staff   256 Sep 30 14:04 .
drwxr-xr-x   5 andriinazar  staff   160 Sep 30 13:38 ..
-rw-r--r--@  1 andriinazar  staff  6148 Sep 30 14:02 .DS_Store
drwxr-xr-x  13 andriinazar  staff   416 Sep 30 13:53 .git
-rw-r--r--   1 andriinazar  staff  3380 Sep 30 13:18 .gitignore
drwxr-xr-x@  4 andriinazar  staff   128 Sep 30 13:55 01
drwxr-xr-x   6 andriinazar  staff   192 Sep 30 14:01 02
-rw-r--r--   1 andriinazar  staff     6 Sep 30 12:32 README.md
Andriis-MacBook-Pro:courses andriinazar$ git status 
On branch 02
Your branch is up to date with 'origin/02'.

Changes not staged for commit:
  (use "git add/rm <file>..." to update what will be committed)
  (use "git checkout -- <file>..." to discard changes in working directory)

	deleted:    lesson1/TestLesson1.txt
	deleted:    test1.pdf
	deleted:    test2.pdf
	deleted:    test3.pdf

Untracked files:
  (use "git add <file>..." to include in what will be committed)

	.DS_Store
	01/
	02/

no changes added to commit (use "git add" and/or "git commit -a")
Andriis-MacBook-Pro:courses andriinazar$ git add *
Andriis-MacBook-Pro:courses andriinazar$ git status
On branch 02
Your branch is up to date with 'origin/02'.

Changes to be committed:
  (use "git reset HEAD <file>..." to unstage)

	new file:   "01/1 - \320\227\320\275\320\260\320\271\320\276\320\274\321\201\321\202\320\262\320\276 \320\267 iOS, xCode - Intro - say hello to iOS and xCode (Homework).pages.pdf"
	new file:   "01/1 - \320\227\320\275\320\260\320\271\320\276\320\274\321\201\321\202\320\262\320\276 \320\267 iOS, xCode - Intro - say hello to iOS and xCode.key.pdf"
	new file:   02/TestLesson1.txt
	new file:   02/test1.pdf
	new file:   02/test2.pdf
	new file:   02/test3.pdf

Changes not staged for commit:
  (use "git add/rm <file>..." to update what will be committed)
  (use "git checkout -- <file>..." to discard changes in working directory)

	deleted:    lesson1/TestLesson1.txt
	deleted:    test1.pdf
	deleted:    test2.pdf
	deleted:    test3.pdf

Untracked files:
  (use "git add <file>..." to include in what will be committed)

	.DS_Store

Andriis-MacBook-Pro:courses andriinazar$ git add 02
Andriis-MacBook-Pro:courses andriinazar$ git status
On branch 02
Your branch is up to date with 'origin/02'.

Changes to be committed:
  (use "git reset HEAD <file>..." to unstage)

	new file:   "01/1 - \320\227\320\275\320\260\320\271\320\276\320\274\321\201\321\202\320\262\320\276 \320\267 iOS, xCode - Intro - say hello to iOS and xCode (Homework).pages.pdf"
	new file:   "01/1 - \320\227\320\275\320\260\320\271\320\276\320\274\321\201\321\202\320\262\320\276 \320\267 iOS, xCode - Intro - say hello to iOS and xCode.key.pdf"
	new file:   02/TestLesson1.txt
	new file:   02/test1.pdf
	new file:   02/test2.pdf
	new file:   02/test3.pdf

Changes not staged for commit:
  (use "git add/rm <file>..." to update what will be committed)
  (use "git checkout -- <file>..." to discard changes in working directory)

	deleted:    lesson1/TestLesson1.txt
	deleted:    test1.pdf
	deleted:    test2.pdf
	deleted:    test3.pdf

Untracked files:
  (use "git add <file>..." to include in what will be committed)

	.DS_Store

Andriis-MacBook-Pro:courses andriinazar$ git commit -u origin 02
error: pathspec 'origin' did not match any file(s) known to git.
Andriis-MacBook-Pro:courses andriinazar$ git push -u origin 02
Branch '02' set up to track remote branch '02' from 'origin'.
Everything up-to-date
Andriis-MacBook-Pro:courses andriinazar$ git status
On branch 02
Your branch is up to date with 'origin/02'.

Changes to be committed:
  (use "git reset HEAD <file>..." to unstage)

	new file:   "01/1 - \320\227\320\275\320\260\320\271\320\276\320\274\321\201\321\202\320\262\320\276 \320\267 iOS, xCode - Intro - say hello to iOS and xCode (Homework).pages.pdf"
	new file:   "01/1 - \320\227\320\275\320\260\320\271\320\276\320\274\321\201\321\202\320\262\320\276 \320\267 iOS, xCode - Intro - say hello to iOS and xCode.key.pdf"
	new file:   02/TestLesson1.txt
	new file:   02/test1.pdf
	new file:   02/test2.pdf
	new file:   02/test3.pdf

Changes not staged for commit:
  (use "git add/rm <file>..." to update what will be committed)
  (use "git checkout -- <file>..." to discard changes in working directory)

	deleted:    lesson1/TestLesson1.txt
	deleted:    test1.pdf
	deleted:    test2.pdf
	deleted:    test3.pdf

Untracked files:
  (use "git add <file>..." to include in what will be committed)

	.DS_Store

Andriis-MacBook-Pro:courses andriinazar$ git log
commit e775e5e9553f65ef7be0c9592200355724bffc49 (HEAD -> 02, origin/02)
Author: andriinazar <nazar.andrii@gmail.com>
Date:   Sun Sep 30 13:43:00 2018 +0300

    third file

commit b227a90ed84fb52b712ae55b37b815fb28d413e9
Author: andriinazar <nazar.andrii@gmail.com>
Date:   Sun Sep 30 13:42:24 2018 +0300

    second file

commit f58ce01236da0c5ba6d20fd50b1567ff35ced8a7
Author: andriinazar <nazar.andrii@gmail.com>
Date:   Sun Sep 30 13:41:55 2018 +0300

    first file

commit 11995e9c74d4f04a60430ee38552ce04bdbca318 (tag: intro_to_version_control_system, origin/master, master)
Author: andriinazar <nazar.andrii@gmail.com>
Date:   Sun Sep 30 13:19:50 2018 +0300

    setup gitignore

commit 789d9e49d47f164e186adc59b7c82329cb94de11
Author: andriinazar <nazar.andrii@gmail.com>
Date:   Sun Sep 30 12:56:39 2018 +0300

    test ssh key

commit 11e1dc29742906f864ef6981b376fbd75aeba8d3
Author: andrii.nazar <nazar.andrii@gmail.com>
Date:   Sun Sep 30 12:38:30 2018 +0300

    first init commit
Andriis-MacBook-Pro:courses andriinazar$ git status
On branch 02
Your branch is up to date with 'origin/02'.

Changes to be committed:
  (use "git reset HEAD <file>..." to unstage)

	new file:   "01/1 - \320\227\320\275\320\260\320\271\320\276\320\274\321\201\321\202\320\262\320\276 \320\267 iOS, xCode - Intro - say hello to iOS and xCode (Homework).pages.pdf"
	new file:   "01/1 - \320\227\320\275\320\260\320\271\320\276\320\274\321\201\321\202\320\262\320\276 \320\267 iOS, xCode - Intro - say hello to iOS and xCode.key.pdf"
	new file:   02/TestLesson1.txt
	new file:   02/test1.pdf
	new file:   02/test2.pdf
	new file:   02/test3.pdf

Changes not staged for commit:
  (use "git add/rm <file>..." to update what will be committed)
  (use "git checkout -- <file>..." to discard changes in working directory)

	deleted:    lesson1/TestLesson1.txt
	deleted:    test1.pdf
	deleted:    test2.pdf
	deleted:    test3.pdf

Untracked files:
  (use "git add <file>..." to include in what will be committed)

	.DS_Store

Andriis-MacBook-Pro:courses andriinazar$ git add *
Andriis-MacBook-Pro:courses andriinazar$ git status
On branch 02
Your branch is up to date with 'origin/02'.

Changes to be committed:
  (use "git reset HEAD <file>..." to unstage)

	new file:   "01/1 - \320\227\320\275\320\260\320\271\320\276\320\274\321\201\321\202\320\262\320\276 \320\267 iOS, xCode - Intro - say hello to iOS and xCode (Homework).pages.pdf"
	new file:   "01/1 - \320\227\320\275\320\260\320\271\320\276\320\274\321\201\321\202\320\262\320\276 \320\267 iOS, xCode - Intro - say hello to iOS and xCode.key.pdf"
	new file:   02/TestLesson1.txt
	new file:   02/test1.pdf
	new file:   02/test2.pdf
	new file:   02/test3.pdf

Changes not staged for commit:
  (use "git add/rm <file>..." to update what will be committed)
  (use "git checkout -- <file>..." to discard changes in working directory)

	deleted:    lesson1/TestLesson1.txt
	deleted:    test1.pdf
	deleted:    test2.pdf
	deleted:    test3.pdf

Untracked files:
  (use "git add <file>..." to include in what will be committed)

	.DS_Store

Andriis-MacBook-Pro:courses andriinazar$ git commit -m "update folder name"
[02 764bacd] update folder name
 6 files changed, 2 insertions(+)
 create mode 100755 "01/1 - \320\227\320\275\320\260\320\271\320\276\320\274\321\201\321\202\320\262\320\276 \320\267 iOS, xCode - Intro - say hello to iOS and xCode (Homework).pages.pdf"
 create mode 100755 "01/1 - \320\227\320\275\320\260\320\271\320\276\320\274\321\201\321\202\320\262\320\276 \320\267 iOS, xCode - Intro - say hello to iOS and xCode.key.pdf"
 create mode 100644 02/TestLesson1.txt
 create mode 100644 02/test1.pdf
 create mode 100644 02/test2.pdf
 create mode 100644 02/test3.pdf
Andriis-MacBook-Pro:courses andriinazar$ git status
On branch 02
Your branch is ahead of 'origin/02' by 1 commit.
  (use "git push" to publish your local commits)

Changes not staged for commit:
  (use "git add/rm <file>..." to update what will be committed)
  (use "git checkout -- <file>..." to discard changes in working directory)

	deleted:    lesson1/TestLesson1.txt
	deleted:    test1.pdf
	deleted:    test2.pdf
	deleted:    test3.pdf

Untracked files:
  (use "git add <file>..." to include in what will be committed)

	.DS_Store

no changes added to commit (use "git add" and/or "git commit -a")
Andriis-MacBook-Pro:courses andriinazar$ git add *
Andriis-MacBook-Pro:courses andriinazar$ git status
On branch 02
Your branch is ahead of 'origin/02' by 1 commit.
  (use "git push" to publish your local commits)

Changes not staged for commit:
  (use "git add/rm <file>..." to update what will be committed)
  (use "git checkout -- <file>..." to discard changes in working directory)

	deleted:    lesson1/TestLesson1.txt
	deleted:    test1.pdf
	deleted:    test2.pdf
	deleted:    test3.pdf

Untracked files:
  (use "git add <file>..." to include in what will be committed)

	.DS_Store

no changes added to commit (use "git add" and/or "git commit -a")
Andriis-MacBook-Pro:courses andriinazar$ git push -u origin 02
Counting objects: 6, done.
Delta compression using up to 4 threads.
Compressing objects: 100% (6/6), done.
Writing objects: 100% (6/6), 9.32 MiB | 3.23 MiB/s, done.
Total 6 (delta 1), reused 0 (delta 0)
remote: Resolving deltas: 100% (1/1), completed with 1 local object.
To https://github.com/andriinazar/iOS.git
   e775e5e..764bacd  02 -> 02
Branch '02' set up to track remote branch '02' from 'origin'.
Andriis-MacBook-Pro:courses andriinazar$ ls -la
total 32
drwxr-xr-x   8 andriinazar  staff   256 Sep 30 14:04 .
drwxr-xr-x   5 andriinazar  staff   160 Sep 30 13:38 ..
-rw-r--r--@  1 andriinazar  staff  6148 Sep 30 14:02 .DS_Store
drwxr-xr-x  13 andriinazar  staff   416 Sep 30 14:11 .git
-rw-r--r--   1 andriinazar  staff  3380 Sep 30 13:18 .gitignore
drwxr-xr-x@  4 andriinazar  staff   128 Sep 30 13:55 01
drwxr-xr-x   6 andriinazar  staff   192 Sep 30 14:01 02
-rw-r--r--   1 andriinazar  staff     6 Sep 30 12:32 README.md
Andriis-MacBook-Pro:courses andriinazar$ git rm -r lesson1
rm 'lesson1/TestLesson1.txt'
Andriis-MacBook-Pro:courses andriinazar$ git rm -r test1.pdf
rm 'test1.pdf'
Andriis-MacBook-Pro:courses andriinazar$ git rm -r test2.pdf
rm 'test2.pdf'
Andriis-MacBook-Pro:courses andriinazar$ git rm -r test3.pdf
rm 'test3.pdf'
Andriis-MacBook-Pro:courses andriinazar$ git commit -m "remove files from repository"
[02 c68dc44] remove files from repository
 4 files changed, 2 deletions(-)
 delete mode 100644 lesson1/TestLesson1.txt
 delete mode 100644 test1.pdf
 delete mode 100644 test2.pdf
 delete mode 100644 test3.pdf
Andriis-MacBook-Pro:courses andriinazar$ git push -u origin 02
Counting objects: 2, done.
Delta compression using up to 4 threads.
Compressing objects: 100% (2/2), done.
Writing objects: 100% (2/2), 233 bytes | 233.00 KiB/s, done.
Total 2 (delta 1), reused 0 (delta 0)
remote: Resolving deltas: 100% (1/1), completed with 1 local object.
To https://github.com/andriinazar/iOS.git
   764bacd..c68dc44  02 -> 02
Branch '02' set up to track remote branch '02' from 'origin'.
Andriis-MacBook-Pro:courses andriinazar$ git rm -r 01
rm '01/1 - Знайомство з iOS, xCode - Intro - say hello to iOS and xCode (Homework).pages.pdf'
rm '01/1 - Знайомство з iOS, xCode - Intro - say hello to iOS and xCode.key.pdf'
Andriis-MacBook-Pro:courses andriinazar$ git status
On branch 02
Your branch is up to date with 'origin/02'.

Changes to be committed:
  (use "git reset HEAD <file>..." to unstage)

	deleted:    "01/1 - \320\227\320\275\320\260\320\271\320\276\320\274\321\201\321\202\320\262\320\276 \320\267 iOS, xCode - Intro - say hello to iOS and xCode (Homework).pages.pdf"
	deleted:    "01/1 - \320\227\320\275\320\260\320\271\320\276\320\274\321\201\321\202\320\262\320\276 \320\267 iOS, xCode - Intro - say hello to iOS and xCode.key.pdf"

Untracked files:
  (use "git add <file>..." to include in what will be committed)

	.DS_Store

Andriis-MacBook-Pro:courses andriinazar$ git reset
Unstaged changes after reset:
D	01/1 - Знайомство з iOS, xCode - Intro - say hello to iOS and xCode (Homework).pages.pdf
D	01/1 - Знайомство з iOS, xCode - Intro - say hello to iOS and xCode.key.pdf
Andriis-MacBook-Pro:courses andriinazar$ git status
On branch 02
Your branch is up to date with 'origin/02'.

Changes not staged for commit:
  (use "git add/rm <file>..." to update what will be committed)
  (use "git checkout -- <file>..." to discard changes in working directory)

	deleted:    "01/1 - \320\227\320\275\320\260\320\271\320\276\320\274\321\201\321\202\320\262\320\276 \320\267 iOS, xCode - Intro - say hello to iOS and xCode (Homework).pages.pdf"
	deleted:    "01/1 - \320\227\320\275\320\260\320\271\320\276\320\274\321\201\321\202\320\262\320\276 \320\267 iOS, xCode - Intro - say hello to iOS and xCode.key.pdf"

Untracked files:
  (use "git add <file>..." to include in what will be committed)

	.DS_Store

no changes added to commit (use "git add" and/or "git commit -a")
Andriis-MacBook-Pro:courses andriinazar$ git reset
Unstaged changes after reset:
D	01/1 - Знайомство з iOS, xCode - Intro - say hello to iOS and xCode (Homework).pages.pdf
D	01/1 - Знайомство з iOS, xCode - Intro - say hello to iOS and xCode.key.pdf
Andriis-MacBook-Pro:courses andriinazar$ git status
On branch 02
Your branch is up to date with 'origin/02'.

Changes not staged for commit:
  (use "git add/rm <file>..." to update what will be committed)
  (use "git checkout -- <file>..." to discard changes in working directory)

	deleted:    "01/1 - \320\227\320\275\320\260\320\271\320\276\320\274\321\201\321\202\320\262\320\276 \320\267 iOS, xCode - Intro - say hello to iOS and xCode (Homework).pages.pdf"
	deleted:    "01/1 - \320\227\320\275\320\260\320\271\320\276\320\274\321\201\321\202\320\262\320\276 \320\267 iOS, xCode - Intro - say hello to iOS and xCode.key.pdf"

Untracked files:
  (use "git add <file>..." to include in what will be committed)

	.DS_Store

no changes added to commit (use "git add" and/or "git commit -a")
Andriis-MacBook-Pro:courses andriinazar$ ls -la
total 32
drwxr-xr-x   7 andriinazar  staff   224 Sep 30 14:18 .
drwxr-xr-x   5 andriinazar  staff   160 Sep 30 13:38 ..
-rw-r--r--@  1 andriinazar  staff  6148 Sep 30 14:02 .DS_Store
drwxr-xr-x  14 andriinazar  staff   448 Sep 30 14:20 .git
-rw-r--r--   1 andriinazar  staff  3380 Sep 30 13:18 .gitignore
drwxr-xr-x   6 andriinazar  staff   192 Sep 30 14:01 02
-rw-r--r--   1 andriinazar  staff     6 Sep 30 12:32 README.md
Andriis-MacBook-Pro:courses andriinazar$ git revert
usage: git revert [<options>] <commit-ish>...
   or: git revert <subcommand>

    --quit                end revert or cherry-pick sequence
    --continue            resume revert or cherry-pick sequence
    --abort               cancel revert or cherry-pick sequence
    -n, --no-commit       don't automatically commit
    -e, --edit            edit the commit message
    -s, --signoff         add Signed-off-by:
    -m, --mainline <parent-number>
                          select mainline parent
    --rerere-autoupdate   update the index with reused conflict resolution if possible
    --strategy <strategy>
                          merge strategy
    -X, --strategy-option <option>
                          option for merge strategy
    -S, --gpg-sign[=<key-id>]
                          GPG sign commit

Andriis-MacBook-Pro:courses andriinazar$ git reset -- 01
Unstaged changes after reset:
D	01/1 - Знайомство з iOS, xCode - Intro - say hello to iOS and xCode (Homework).pages.pdf
D	01/1 - Знайомство з iOS, xCode - Intro - say hello to iOS and xCode.key.pdf
Andriis-MacBook-Pro:courses andriinazar$ ls -la
total 32
drwxr-xr-x   7 andriinazar  staff   224 Sep 30 14:18 .
drwxr-xr-x   5 andriinazar  staff   160 Sep 30 13:38 ..
-rw-r--r--@  1 andriinazar  staff  6148 Sep 30 14:02 .DS_Store
drwxr-xr-x  14 andriinazar  staff   448 Sep 30 14:21 .git
-rw-r--r--   1 andriinazar  staff  3380 Sep 30 13:18 .gitignore
drwxr-xr-x   6 andriinazar  staff   192 Sep 30 14:01 02
-rw-r--r--   1 andriinazar  staff     6 Sep 30 12:32 README.md
Andriis-MacBook-Pro:courses andriinazar$ git checkout -- 01
Andriis-MacBook-Pro:courses andriinazar$ git status
On branch 02
Your branch is up to date with 'origin/02'.

Untracked files:
  (use "git add <file>..." to include in what will be committed)

	.DS_Store

nothing added to commit but untracked files present (use "git add" to track)
Andriis-MacBook-Pro:courses andriinazar$ ls -la
total 32
drwxr-xr-x   8 andriinazar  staff   256 Sep 30 14:21 .
drwxr-xr-x   5 andriinazar  staff   160 Sep 30 13:38 ..
-rw-r--r--@  1 andriinazar  staff  6148 Sep 30 14:02 .DS_Store
drwxr-xr-x  14 andriinazar  staff   448 Sep 30 14:21 .git
-rw-r--r--   1 andriinazar  staff  3380 Sep 30 13:18 .gitignore
drwxr-xr-x   4 andriinazar  staff   128 Sep 30 14:21 01
drwxr-xr-x   6 andriinazar  staff   192 Sep 30 14:01 02
-rw-r--r--   1 andriinazar  staff     6 Sep 30 12:32 README.md
Andriis-MacBook-Pro:courses andriinazar$ git checkput -b 01
git: 'checkput' is not a git command. See 'git --help'.

The most similar command is
	checkout
Andriis-MacBook-Pro:courses andriinazar$ git checkout -b 01
Switched to a new branch '01'
Andriis-MacBook-Pro:courses andriinazar$ git add 01
Andriis-MacBook-Pro:courses andriinazar$ git status
On branch 01
Untracked files:
  (use "git add <file>..." to include in what will be committed)

	.DS_Store

nothing added to commit but untracked files present (use "git add" to track)
Andriis-MacBook-Pro:courses andriinazar$ git update-index --add 01
error: 01: is a directory - add individual files instead
fatal: Unable to process path 01
Andriis-MacBook-Pro:courses andriinazar$ git add --force 01
Andriis-MacBook-Pro:courses andriinazar$ git status
On branch 01
Untracked files:
  (use "git add <file>..." to include in what will be committed)

	.DS_Store

nothing added to commit but untracked files present (use "git add" to track)
Andriis-MacBook-Pro:courses andriinazar$ ls -la
total 32
drwxr-xr-x   8 andriinazar  staff   256 Sep 30 14:21 .
drwxr-xr-x   5 andriinazar  staff   160 Sep 30 13:38 ..
-rw-r--r--@  1 andriinazar  staff  6148 Sep 30 14:02 .DS_Store
drwxr-xr-x  14 andriinazar  staff   448 Sep 30 14:25 .git
-rw-r--r--   1 andriinazar  staff  3380 Sep 30 13:18 .gitignore
drwxr-xr-x   4 andriinazar  staff   128 Sep 30 14:21 01
drwxr-xr-x   6 andriinazar  staff   192 Sep 30 14:01 02
-rw-r--r--   1 andriinazar  staff     6 Sep 30 12:32 README.md
Andriis-MacBook-Pro:courses andriinazar$ cd 01
Andriis-MacBook-Pro:01 andriinazar$ ls 
1 - Знайомство з iOS, xCode - Intro - say hello to iOS and xCode (Homework).pages.pdf
1 - Знайомство з iOS, xCode - Intro - say hello to iOS and xCode.key.pdf
Andriis-MacBook-Pro:01 andriinazar$ ls -la
total 22824
drwxr-xr-x  4 andriinazar  staff       128 Sep 30 14:21 .
drwxr-xr-x  8 andriinazar  staff       256 Sep 30 14:21 ..
-rwxr-xr-x  1 andriinazar  staff    105724 Sep 30 14:21 1 - Знайомство з iOS, xCode - Intro - say hello to iOS and xCode (Homework).pages.pdf
-rwxr-xr-x  1 andriinazar  staff  11577722 Sep 30 14:21 1 - Знайомство з iOS, xCode - Intro - say hello to iOS and xCode.key.pdf
Andriis-MacBook-Pro:01 andriinazar$ cd ..
Andriis-MacBook-Pro:courses andriinazar$ git status
On branch 01
Untracked files:
  (use "git add <file>..." to include in what will be committed)

	.DS_Store

nothing added to commit but untracked files present (use "git add" to track)
Andriis-MacBook-Pro:courses andriinazar$ git log
commit c68dc4499880c043866cc9b31c2258bc24fac764 (HEAD -> 01, origin/02, 02)
Author: andriinazar <nazar.andrii@gmail.com>
Date:   Sun Sep 30 14:17:34 2018 +0300

    remove files from repository

commit 764bacd54f207956e91dc8d13a6f58a0d672c0f5
Author: andriinazar <nazar.andrii@gmail.com>
Date:   Sun Sep 30 14:10:41 2018 +0300

    update folder name

commit e775e5e9553f65ef7be0c9592200355724bffc49
Author: andriinazar <nazar.andrii@gmail.com>
Date:   Sun Sep 30 13:43:00 2018 +0300

    third file

commit b227a90ed84fb52b712ae55b37b815fb28d413e9
Author: andriinazar <nazar.andrii@gmail.com>
Date:   Sun Sep 30 13:42:24 2018 +0300

    second file

commit f58ce01236da0c5ba6d20fd50b1567ff35ced8a7
Author: andriinazar <nazar.andrii@gmail.com>
Date:   Sun Sep 30 13:41:55 2018 +0300

    first file

commit 11995e9c74d4f04a60430ee38552ce04bdbca318 (tag: intro_to_version_control_system, origin/master, master)
Author: andriinazar <nazar.andrii@gmail.com>
Date:   Sun Sep 30 13:19:50 2018 +0300

    setup gitignore

commit 789d9e49d47f164e186adc59b7c82329cb94de11
Author: andriinazar <nazar.andrii@gmail.com>
Date:   Sun Sep 30 12:56:39 2018 +0300

    test ssh key

commit 11e1dc29742906f864ef6981b376fbd75aeba8d3
Author: andrii.nazar <nazar.andrii@gmail.com>
Date:   Sun Sep 30 12:38:30 2018 +0300

    first init commit
Andriis-MacBook-Pro:courses andriinazar$ ls -la
total 32
drwxr-xr-x   8 andriinazar  staff   256 Sep 30 14:21 .
drwxr-xr-x   5 andriinazar  staff   160 Sep 30 13:38 ..
-rw-r--r--@  1 andriinazar  staff  6148 Sep 30 14:02 .DS_Store
drwxr-xr-x  14 andriinazar  staff   448 Sep 30 14:27 .git
-rw-r--r--   1 andriinazar  staff  3380 Sep 30 13:18 .gitignore
drwxr-xr-x   4 andriinazar  staff   128 Sep 30 14:21 01
drwxr-xr-x   6 andriinazar  staff   192 Sep 30 14:01 02
-rw-r--r--   1 andriinazar  staff     6 Sep 30 12:32 README.md
Andriis-MacBook-Pro:courses andriinazar$ git rm -r 01
rm '01/1 - Знайомство з iOS, xCode - Intro - say hello to iOS and xCode (Homework).pages.pdf'
rm '01/1 - Знайомство з iOS, xCode - Intro - say hello to iOS and xCode.key.pdf'
Andriis-MacBook-Pro:courses andriinazar$ git commit -m "remove folder"
[01 dcc41dd] remove folder
 2 files changed, 0 insertions(+), 0 deletions(-)
 delete mode 100755 "01/1 - \320\227\320\275\320\260\320\271\320\276\320\274\321\201\321\202\320\262\320\276 \320\267 iOS, xCode - Intro - say hello to iOS and xCode (Homework).pages.pdf"
 delete mode 100755 "01/1 - \320\227\320\275\320\260\320\271\320\276\320\274\321\201\321\202\320\262\320\276 \320\267 iOS, xCode - Intro - say hello to iOS and xCode.key.pdf"
Andriis-MacBook-Pro:courses andriinazar$ git push -u origin 02
Branch '02' set up to track remote branch '02' from 'origin'.
Everything up-to-date
Andriis-MacBook-Pro:courses andriinazar$ git push origin 02
Everything up-to-date
Andriis-MacBook-Pro:courses andriinazar$ git status
On branch 01
Untracked files:
  (use "git add <file>..." to include in what will be committed)

	.DS_Store

nothing added to commit but untracked files present (use "git add" to track)
Andriis-MacBook-Pro:courses andriinazar$ ls -la
total 32
drwxr-xr-x   7 andriinazar  staff   224 Sep 30 14:28 .
drwxr-xr-x   5 andriinazar  staff   160 Sep 30 13:38 ..
-rw-r--r--@  1 andriinazar  staff  6148 Sep 30 14:02 .DS_Store
drwxr-xr-x  14 andriinazar  staff   448 Sep 30 14:30 .git
-rw-r--r--   1 andriinazar  staff  3380 Sep 30 13:18 .gitignore
drwxr-xr-x   6 andriinazar  staff   192 Sep 30 14:01 02
-rw-r--r--   1 andriinazar  staff     6 Sep 30 12:32 README.md
Andriis-MacBook-Pro:courses andriinazar$ git status
On branch 01
Untracked files:
  (use "git add <file>..." to include in what will be committed)

	.DS_Store
	01/

nothing added to commit but untracked files present (use "git add" to track)
Andriis-MacBook-Pro:courses andriinazar$ git add 01
Andriis-MacBook-Pro:courses andriinazar$ git tag "first lection"
fatal: 'first lection' is not a valid tag name.
Andriis-MacBook-Pro:courses andriinazar$ git tag "first_lection"
Andriis-MacBook-Pro:courses andriinazar$ git commit -m ""lection backup"
> 
Andriis-MacBook-Pro:courses andriinazar$ git commit -m "lection backup"
[01 362c455] lection backup
 2 files changed, 0 insertions(+), 0 deletions(-)
 create mode 100755 "01/1 - \320\227\320\275\320\260\320\271\320\276\320\274\321\201\321\202\320\262\320\276 \320\267 iOS, xCode - Intro - say hello to iOS and xCode (Homework).pages.pdf"
 create mode 100755 "01/1 - \320\227\320\275\320\260\320\271\320\276\320\274\321\201\321\202\320\262\320\276 \320\267 iOS, xCode - Intro - say hello to iOS and xCode.key.pdf"
Andriis-MacBook-Pro:courses andriinazar$ git push -u origin 01
Counting objects: 3, done.
Delta compression using up to 4 threads.
Compressing objects: 100% (3/3), done.
Writing objects: 100% (3/3), 377 bytes | 377.00 KiB/s, done.
Total 3 (delta 1), reused 0 (delta 0)
remote: Resolving deltas: 100% (1/1), completed with 1 local object.
remote: 
remote: Create a pull request for '01' on GitHub by visiting:
remote:      https://github.com/andriinazar/iOS/pull/new/01
remote: 
To https://github.com/andriinazar/iOS.git
 * [new branch]      01 -> 01
Branch '01' set up to track remote branch '01' from 'origin'.
Andriis-MacBook-Pro:courses andriinazar$ git push --follow-tags
Everything up-to-date
Andriis-MacBook-Pro:courses andriinazar$ git push --tags
Total 0 (delta 0), reused 0 (delta 0)
To https://github.com/andriinazar/iOS.git
 * [new tag]         first_lection -> first_lection
Andriis-MacBook-Pro:courses andriinazar$ 

